// Jest Snapshot v1, https://goo.gl/fbAQLP

exports[`TutorialPage Component should render the ConnectedTutorialPage component 1`] = `
<Component
  getProgress={[Function]}
  getThread={[Function]}
  getWalkthrough={[Function]}
  getWalkthroughInfo={[Function]}
  thread={
    Object {
      "pending": true,
    }
  }
/>
`;

exports[`TutorialPage Component should render the TutorialPage component error state 1`] = `""`;

exports[`TutorialPage Component should render the TutorialPage component fulfilled state 1`] = `
<Fragment>
  <Page
    breadcrumb={null}
    className="pf-u-h-100vh"
    header={null}
    isManagedSidebar={false}
    onPageResize={[Function]}
    sidebar={null}
    skipToContent={null}
  >
    <SkipToContent
      className=""
      component="a"
      href="#main-content"
      show={false}
    >
      Skip to content
    </SkipToContent>
    <withRouter(Connect(Masthead)) />
    <PageSection
      className="integr8ly-landing-page-tutorial-dashboard-section"
    >
      <Grid
        className=""
        gutter="md"
        lg={null}
        md={null}
        sm={null}
        span={null}
        xl={null}
        xl2={null}
      >
        <GridItem
          className="integr8ly-task-container"
          lg={null}
          lgOffset={null}
          lgRowSpan={null}
          md={9}
          mdOffset={null}
          mdRowSpan={null}
          offset={null}
          rowSpan={null}
          sm={12}
          smOffset={null}
          smRowSpan={null}
          span={null}
          xl={null}
          xl2={null}
          xl2Offset={null}
          xl2RowSpan={null}
          xlOffset={null}
          xlRowSpan={null}
        >
          <Card
            className="integr8ly-c-card--content pf-u-p-lg pf-u-mb-xl"
          >
            <TextContent>
              <div
                className="integr8ly-task-dashboard-header"
              >
                <h1
                  id="main-content"
                >
                  Example
                </h1>
                <Button
                  aria-label="Get Started"
                  id="get-started-01"
                  onClick={[Function]}
                  type="button"
                  variant="primary"
                >
                  tutorial.getStarted
                </Button>
              </div>
              <div
                dangerouslySetInnerHTML={
                  Object {
                    "__html": "<div class=\\"literalblock\\">
<div class=\\"content\\">
<pre>This is a sample description</pre>
</div>
</div>",
                  }
                }
              />
              <h2
                className="pf-u-mt-xl"
              >
                tutorial.tasksToComplete
                <div
                  className="pull-right pf-u-mr-lg integr8ly-task-dashboard-time-to-completion"
                >
                  <ClockIcon
                    className="pf-u-mr-xs"
                    color="currentColor"
                    noVerticalAlign={false}
                    size="sm"
                    title={null}
                  />
                  0
                  <span
                    className="integr8ly-task-dashboard-time-to-completion_minutes"
                  >
                    tutorial.minutes
                  </span>
                </div>
              </h2>
              <DataList
                aria-label="task-breakdowns-by-time"
                className="pf-u-pl-0"
              />
              <div
                className="integr8ly-task-dashboard-time-to-completion pf-u-mb-lg"
              >
                <Button
                  aria-label="Get Started"
                  id="get-started-02"
                  onClick={[Function]}
                  type="button"
                  variant="primary"
                >
                  tutorial.getStarted
                </Button>
              </div>
            </TextContent>
          </Card>
        </GridItem>
        <GridItem
          className="integr8ly-module-frame pf-u-display-none pf-u-display-block-on-md"
          lg={null}
          lgOffset={null}
          lgRowSpan={null}
          md={3}
          mdOffset={null}
          mdRowSpan={null}
          offset={null}
          rowSpan={2}
          sm={null}
          smOffset={null}
          smRowSpan={null}
          span={null}
          xl={null}
          xl2={null}
          xl2Offset={null}
          xl2RowSpan={null}
          xlOffset={null}
          xlRowSpan={null}
        >
          <Connect(WalkthroughDetails)
            className="integr8ly-landing-page-tutorial-dashboard-section-right"
          />
          <Connect(WalkthroughResources)
            className="integr8ly-landing-page-tutorial-dashboard-section-right"
            resources={Array []}
          />
        </GridItem>
      </Grid>
    </PageSection>
  </Page>
</Fragment>
`;

exports[`TutorialPage Component should render the TutorialPage component pending state 1`] = `""`;
