// Jest Snapshot v1, https://goo.gl/fbAQLP

exports[`Router Component should render a basic component 1`] = `
<div
  className="integr8ly-container"
>
  <Switch>
    <Route
      component={[Function]}
      exact={true}
      key="/"
      path="/"
    />
    <Route
      component={[Function]}
      exact={true}
      key="/help"
      path="/help"
    />
    <Route
      component={[Function]}
      exact={true}
      key="/tutorial/:id"
      path="/tutorial/:id"
    />
    <Route
      component={[Function]}
      exact={false}
      key="/tutorial/:id/module/:module/:step?"
      path="/tutorial/:id/module/:module/:step?"
    />
    <Redirect
      from="/"
      push={false}
      to="/"
    />
  </Switch>
</div>
`;
