// Jest Snapshot v1, https://goo.gl/fbAQLP

exports[`Masthead Component should render a basic component: basic 1`] = `
<ContextConsumer>
  <Component />
</ContextConsumer>
`;

exports[`Masthead Component should render mobile navigation: mobile-nav 1`] = `
<div
  aria-live="polite"
  className="nav-pf-vertical nav-pf-vertical-with-sub-menus nav-pf-vertical-with-badges hidden show-mobile-nav"
  role="menu"
>
  <ul
    className="list-group"
  >
    <li
      className="list-group-item"
    >
      <a
        href="#about"
        onClick={[Function]}
        role="menuitem"
      >
        <span
          className="list-group-item-value"
        >
          About
        </span>
      </a>
    </li>
    <li
      className="list-group-item"
    >
      <a
        href="#help"
        onClick={[Function]}
        role="menuitem"
      >
        <span
          className="list-group-item-value"
        >
          Help
        </span>
      </a>
    </li>
    <li
      className="list-group-item"
    >
      <a
        href="#logout"
        onClick={[Function]}
        role="menuitem"
      >
        <span
          className="list-group-item-value"
        >
          Logout
        </span>
      </a>
    </li>
  </ul>
</div>
`;
