// Jest Snapshot v1, https://goo.gl/fbAQLP

exports[`Masthead Component should render a basic component: basic 1`] = `
<Masthead
  history={
    Object {
      "push": [Function],
    }
  }
  logoutUser={[Function]}
/>
`;

exports[`Masthead Component should render a basic component: help dropdown 1`] = `null`;

exports[`Masthead Component should render a basic component: user dropdown 1`] = `null`;

exports[`Masthead Component should render mobile navigation: mobile-nav 1`] = `null`;
