// Jest Snapshot v1, https://goo.gl/fbAQLP

exports[`AboutModal Component should render a non-connected component: hidden modal 1`] = `
<AboutModal
  show={false}
  userReducers={
    Object {
      "session": Object {
        "username": "test",
      },
    }
  }
>
  <AboutModal
    brandImageAlt="Patternfly Logo"
    brandImageSrc="Logo_RH_RGB_Reverse.png"
    className=""
    heroImageAlt=""
    isOpen={true}
    logoImageAlt="Patternfly Logo"
    logoImageSrc="logo-alt.svg"
    onClose={[Function]}
    productName="Red Hat Solution Explorer"
    trademark="Copyright (c) 2019 Red Hat, Inc."
  >
    <Portal
      containerInfo={
        <div>
          <div
            class="pf-c-backdrop"
          >
            <div
              class="pf-l-bullseye"
            >
              <div
                aria-describedby="pf-about-modal-content-1"
                aria-labelledby="pf-about-modal-title-0"
                aria-modal="true"
                class="pf-c-about-modal-box"
                role="dialog"
              >
                <div
                  class="pf-c-about-modal-box__brand"
                >
                  <img
                    alt="Patternfly Logo"
                    class="pf-c-about-modal-box__brand-image"
                    src="Logo_RH_RGB_Reverse.png"
                  />
                </div>
                <div
                  class="pf-c-about-modal-box__close"
                >
                  <button
                    aria-label="Close Dialog"
                    class="pf-c-button pf-m-plain"
                    type="button"
                  >
                    <svg
                      aria-hidden="true"
                      fill="currentColor"
                      height="1em"
                      role="img"
                      style="vertical-align: -0.125em;"
                      viewBox="0 0 352 512"
                      width="1em"
                    >
                      <path
                        d="M242.72 256l100.07-100.07c12.28-12.28 12.28-32.19 0-44.48l-22.24-22.24c-12.28-12.28-32.19-12.28-44.48 0L176 189.28 75.93 89.21c-12.28-12.28-32.19-12.28-44.48 0L9.21 111.45c-12.28 12.28-12.28 32.19 0 44.48L109.28 256 9.21 356.07c-12.28 12.28-12.28 32.19 0 44.48l22.24 22.24c12.28 12.28 32.2 12.28 44.48 0L176 322.72l100.07 100.07c12.28 12.28 32.2 12.28 44.48 0l22.24-22.24c12.28-12.28 12.28-32.19 0-44.48L242.72 256z"
                        transform=""
                      />
                    </svg>
                  </button>
                </div>
                <div
                  class="pf-c-about-modal-box__header"
                >
                  <div
                    class="pf-c-about-modal-box__header-strapline"
                  >
                    <h2
                      class="pf-c-title"
                    >
                      Copyright (c) 2019 Red Hat, Inc.
                    </h2>
                  </div>
                  <h1
                    class="pf-c-title pf-m-4xl"
                    id="pf-about-modal-title-0"
                  >
                    Red Hat Solution Explorer
                  </h1>
                </div>
                <div
                  class="pf-c-about-modal-box__content"
                  id="pf-about-modal-content-1"
                >
                  <div
                    class="pf-c-content"
                  >
                    <dl
                      class=""
                      data-pf-content="true"
                    >
                      <dt
                        class=""
                        data-pf-content="true"
                      >
                        Webapp version
                      </dt>
                      <dd
                        class=""
                        data-pf-content="true"
                      >
                        2.2.0
                      </dd>
                      <dt
                        class=""
                        data-pf-content="true"
                      >
                        Server name
                      </dt>
                      <dd
                        class=""
                        data-pf-content="true"
                      >
                        TBD
                      </dd>
                      <dt
                        class=""
                        data-pf-content="true"
                      >
                        User Name
                      </dt>
                      <dd
                        class=""
                        data-pf-content="true"
                      />
                      <dt
                        class=""
                        data-pf-content="true"
                      >
                        User Role
                      </dt>
                      <dd
                        class=""
                        data-pf-content="true"
                      >
                        TBD
                      </dd>
                      <dt
                        class=""
                        data-pf-content="true"
                      >
                        Browser Version
                      </dt>
                      <dd
                        class=""
                        data-pf-content="true"
                      >
                         
                         
                         
                      </dd>
                      <dt
                        class=""
                        data-pf-content="true"
                      >
                        Browser OS
                      </dt>
                      <dd
                        class=""
                        data-pf-content="true"
                      >
                         
                      </dd>
                    </dl>
                  </div>
                </div>
                <div
                  class="pf-c-about-modal-box__hero"
                >
                  <img
                    alt=""
                    class="pf-c-about-modal-box__hero-image"
                    src=""
                  />
                </div>
              </div>
            </div>
          </div>
        </div>
      }
    >
      <ModalContent
        ariaDescribedById="pf-about-modal-content-1"
        ariaLabelledbyId="pf-about-modal-title-0"
        brandImageAlt="Patternfly Logo"
        brandImageSrc="Logo_RH_RGB_Reverse.png"
        className=""
        heroImageAlt=""
        isOpen={true}
        logoImageAlt="Patternfly Logo"
        logoImageSrc="logo-alt.svg"
        onClose={[Function]}
        productName="Red Hat Solution Explorer"
        trademark="Copyright (c) 2019 Red Hat, Inc."
      >
        <Backdrop
          className=""
        >
          <div
            className="pf-c-backdrop"
          >
            <Bullseye
              className=""
              component="div"
            >
              <div
                className="pf-l-bullseye"
              >
                <AboutModalBox
                  aria-describedby="pf-about-modal-content-1"
                  aria-labelledby="pf-about-modal-title-0"
                  className=""
                >
                  <div
                    aria-describedby="pf-about-modal-content-1"
                    aria-labelledby="pf-about-modal-title-0"
                    aria-modal="true"
                    className="pf-c-about-modal-box"
                    role="dialog"
                  >
                    <AboutModalBoxBrand
                      alt="Patternfly Logo"
                      className=""
                      src="Logo_RH_RGB_Reverse.png"
                    >
                      <div
                        className="pf-c-about-modal-box__brand"
                      >
                        <img
                          alt="Patternfly Logo"
                          className="pf-c-about-modal-box__brand-image"
                          src="Logo_RH_RGB_Reverse.png"
                        />
                      </div>
                    </AboutModalBoxBrand>
                    <AboutModalBoxCloseButton
                      className=""
                      onClose={[Function]}
                    >
                      <div
                        className="pf-c-about-modal-box__close"
                      >
                        <Button
                          aria-label="Close Dialog"
                          className=""
                          component="button"
                          isActive={false}
                          isBlock={false}
                          isDisabled={false}
                          isFocus={false}
                          isHover={false}
                          onClick={[Function]}
                          type="button"
                          variant="plain"
                        >
                          <button
                            aria-disabled={null}
                            aria-label="Close Dialog"
                            className="pf-c-button pf-m-plain"
                            disabled={false}
                            onClick={[Function]}
                            tabIndex={null}
                            type="button"
                          >
                            <TimesIcon
                              color="currentColor"
                              size="sm"
                              title={null}
                            >
                              <svg
                                aria-hidden={true}
                                aria-labelledby={null}
                                fill="currentColor"
                                height="1em"
                                role="img"
                                style={
                                  Object {
                                    "verticalAlign": "-0.125em",
                                  }
                                }
                                viewBox="0 0 352 512"
                                width="1em"
                              >
                                <path
                                  d="M242.72 256l100.07-100.07c12.28-12.28 12.28-32.19 0-44.48l-22.24-22.24c-12.28-12.28-32.19-12.28-44.48 0L176 189.28 75.93 89.21c-12.28-12.28-32.19-12.28-44.48 0L9.21 111.45c-12.28 12.28-12.28 32.19 0 44.48L109.28 256 9.21 356.07c-12.28 12.28-12.28 32.19 0 44.48l22.24 22.24c12.28 12.28 32.2 12.28 44.48 0L176 322.72l100.07 100.07c12.28 12.28 32.2 12.28 44.48 0l22.24-22.24c12.28-12.28 12.28-32.19 0-44.48L242.72 256z"
                                  transform=""
                                />
                              </svg>
                            </TimesIcon>
                          </button>
                        </Button>
                      </div>
                    </AboutModalBoxCloseButton>
                    <AboutModalBoxHeader
                      className=""
                      id="pf-about-modal-title-0"
                      productName="Red Hat Solution Explorer"
                      trademark="Copyright (c) 2019 Red Hat, Inc."
                    >
                      <div
                        className="pf-c-about-modal-box__header"
                      >
                        <div
                          className="pf-c-about-modal-box__header-strapline"
                        >
                          <h2
                            className="pf-c-title"
                          >
                            Copyright (c) 2019 Red Hat, Inc.
                          </h2>
                        </div>
                        <Title
                          className=""
                          headingLevel="h1"
                          id="pf-about-modal-title-0"
                          size="4xl"
                        >
                          <h1
                            className="pf-c-title pf-m-4xl"
                            id="pf-about-modal-title-0"
                          >
                            Red Hat Solution Explorer
                          </h1>
                        </Title>
                      </div>
                    </AboutModalBoxHeader>
                    <AboutModalBoxContent
                      className=""
                      id="pf-about-modal-content-1"
                    >
                      <div
                        className="pf-c-about-modal-box__content"
                        id="pf-about-modal-content-1"
                      >
                        <TextContent
                          className=""
                        >
                          <div
                            className="pf-c-content"
                          >
                            <TextList
                              className=""
                              component="dl"
                            >
                              <dl
                                className=""
                                data-pf-content={true}
                              >
                                <TextListItem
                                  className=""
                                  component="dt"
                                >
                                  <dt
                                    className=""
                                    data-pf-content={true}
                                  >
                                    Webapp version
                                  </dt>
                                </TextListItem>
                                <TextListItem
                                  className=""
                                  component="dd"
                                >
                                  <dd
                                    className=""
                                    data-pf-content={true}
                                  >
                                    2.2.0
                                  </dd>
                                </TextListItem>
                                <TextListItem
                                  className=""
                                  component="dt"
                                >
                                  <dt
                                    className=""
                                    data-pf-content={true}
                                  >
                                    Server name
                                  </dt>
                                </TextListItem>
                                <TextListItem
                                  className=""
                                  component="dd"
                                >
                                  <dd
                                    className=""
                                    data-pf-content={true}
                                  >
                                    TBD
                                  </dd>
                                </TextListItem>
                                <TextListItem
                                  className=""
                                  component="dt"
                                >
                                  <dt
                                    className=""
                                    data-pf-content={true}
                                  >
                                    User Name
                                  </dt>
                                </TextListItem>
                                <TextListItem
                                  className=""
                                  component="dd"
                                >
                                  <dd
                                    className=""
                                    data-pf-content={true}
                                  />
                                </TextListItem>
                                <TextListItem
                                  className=""
                                  component="dt"
                                >
                                  <dt
                                    className=""
                                    data-pf-content={true}
                                  >
                                    User Role
                                  </dt>
                                </TextListItem>
                                <TextListItem
                                  className=""
                                  component="dd"
                                >
                                  <dd
                                    className=""
                                    data-pf-content={true}
                                  >
                                    TBD
                                  </dd>
                                </TextListItem>
                                <TextListItem
                                  className=""
                                  component="dt"
                                >
                                  <dt
                                    className=""
                                    data-pf-content={true}
                                  >
                                    Browser Version
                                  </dt>
                                </TextListItem>
                                <TextListItem
                                  className=""
                                  component="dd"
                                >
                                  <dd
                                    className=""
                                    data-pf-content={true}
                                  >
                                     
                                     
                                     
                                  </dd>
                                </TextListItem>
                                <TextListItem
                                  className=""
                                  component="dt"
                                >
                                  <dt
                                    className=""
                                    data-pf-content={true}
                                  >
                                    Browser OS
                                  </dt>
                                </TextListItem>
                                <TextListItem
                                  className=""
                                  component="dd"
                                >
                                  <dd
                                    className=""
                                    data-pf-content={true}
                                  >
                                     
                                  </dd>
                                </TextListItem>
                              </dl>
                            </TextList>
                          </div>
                        </TextContent>
                      </div>
                    </AboutModalBoxContent>
                    <AboutModalBoxHero
                      alt=""
                      className=""
                      src=""
                    >
                      <div
                        className="pf-c-about-modal-box__hero"
                      >
                        <img
                          alt=""
                          className="pf-c-about-modal-box__hero-image"
                          src=""
                        />
                      </div>
                    </AboutModalBoxHero>
                  </div>
                </AboutModalBox>
              </div>
            </Bullseye>
          </div>
        </Backdrop>
      </ModalContent>
    </Portal>
  </AboutModal>
</AboutModal>
`;

exports[`AboutModal Component should render a non-connected component: show modal 1`] = `
<AboutModal
  show={false}
  userReducers={
    Object {
      "session": Object {
        "username": "test",
      },
    }
  }
>
  <AboutModal
    brandImageAlt="Patternfly Logo"
    brandImageSrc="Logo_RH_RGB_Reverse.png"
    className=""
    heroImageAlt=""
    isOpen={true}
    logoImageAlt="Patternfly Logo"
    logoImageSrc="logo-alt.svg"
    onClose={[Function]}
    productName="Red Hat Solution Explorer"
    trademark="Copyright (c) 2019 Red Hat, Inc."
  >
    <Portal
      containerInfo={
        <div>
          <div
            class="pf-c-backdrop"
          >
            <div
              class="pf-l-bullseye"
            >
              <div
                aria-describedby="pf-about-modal-content-1"
                aria-labelledby="pf-about-modal-title-0"
                aria-modal="true"
                class="pf-c-about-modal-box"
                role="dialog"
              >
                <div
                  class="pf-c-about-modal-box__brand"
                >
                  <img
                    alt="Patternfly Logo"
                    class="pf-c-about-modal-box__brand-image"
                    src="Logo_RH_RGB_Reverse.png"
                  />
                </div>
                <div
                  class="pf-c-about-modal-box__close"
                >
                  <button
                    aria-label="Close Dialog"
                    class="pf-c-button pf-m-plain"
                    type="button"
                  >
                    <svg
                      aria-hidden="true"
                      fill="currentColor"
                      height="1em"
                      role="img"
                      style="vertical-align: -0.125em;"
                      viewBox="0 0 352 512"
                      width="1em"
                    >
                      <path
                        d="M242.72 256l100.07-100.07c12.28-12.28 12.28-32.19 0-44.48l-22.24-22.24c-12.28-12.28-32.19-12.28-44.48 0L176 189.28 75.93 89.21c-12.28-12.28-32.19-12.28-44.48 0L9.21 111.45c-12.28 12.28-12.28 32.19 0 44.48L109.28 256 9.21 356.07c-12.28 12.28-12.28 32.19 0 44.48l22.24 22.24c12.28 12.28 32.2 12.28 44.48 0L176 322.72l100.07 100.07c12.28 12.28 32.2 12.28 44.48 0l22.24-22.24c12.28-12.28 12.28-32.19 0-44.48L242.72 256z"
                        transform=""
                      />
                    </svg>
                  </button>
                </div>
                <div
                  class="pf-c-about-modal-box__header"
                >
                  <div
                    class="pf-c-about-modal-box__header-strapline"
                  >
                    <h2
                      class="pf-c-title"
                    >
                      Copyright (c) 2019 Red Hat, Inc.
                    </h2>
                  </div>
                  <h1
                    class="pf-c-title pf-m-4xl"
                    id="pf-about-modal-title-0"
                  >
                    Red Hat Solution Explorer
                  </h1>
                </div>
                <div
                  class="pf-c-about-modal-box__content"
                  id="pf-about-modal-content-1"
                >
                  <div
                    class="pf-c-content"
                  >
                    <dl
                      class=""
                      data-pf-content="true"
                    >
                      <dt
                        class=""
                        data-pf-content="true"
                      >
                        Webapp version
                      </dt>
                      <dd
                        class=""
                        data-pf-content="true"
                      >
                        2.2.0
                      </dd>
                      <dt
                        class=""
                        data-pf-content="true"
                      >
                        Server name
                      </dt>
                      <dd
                        class=""
                        data-pf-content="true"
                      >
                        TBD
                      </dd>
                      <dt
                        class=""
                        data-pf-content="true"
                      >
                        User Name
                      </dt>
                      <dd
                        class=""
                        data-pf-content="true"
                      />
                      <dt
                        class=""
                        data-pf-content="true"
                      >
                        User Role
                      </dt>
                      <dd
                        class=""
                        data-pf-content="true"
                      >
                        TBD
                      </dd>
                      <dt
                        class=""
                        data-pf-content="true"
                      >
                        Browser Version
                      </dt>
                      <dd
                        class=""
                        data-pf-content="true"
                      >
                         
                         
                         
                      </dd>
                      <dt
                        class=""
                        data-pf-content="true"
                      >
                        Browser OS
                      </dt>
                      <dd
                        class=""
                        data-pf-content="true"
                      >
                         
                      </dd>
                    </dl>
                  </div>
                </div>
                <div
                  class="pf-c-about-modal-box__hero"
                >
                  <img
                    alt=""
                    class="pf-c-about-modal-box__hero-image"
                    src=""
                  />
                </div>
              </div>
            </div>
          </div>
        </div>
      }
    >
      <ModalContent
        ariaDescribedById="pf-about-modal-content-1"
        ariaLabelledbyId="pf-about-modal-title-0"
        brandImageAlt="Patternfly Logo"
        brandImageSrc="Logo_RH_RGB_Reverse.png"
        className=""
        heroImageAlt=""
        isOpen={true}
        logoImageAlt="Patternfly Logo"
        logoImageSrc="logo-alt.svg"
        onClose={[Function]}
        productName="Red Hat Solution Explorer"
        trademark="Copyright (c) 2019 Red Hat, Inc."
      >
        <Backdrop
          className=""
        >
          <div
            className="pf-c-backdrop"
          >
            <Bullseye
              className=""
              component="div"
            >
              <div
                className="pf-l-bullseye"
              >
                <AboutModalBox
                  aria-describedby="pf-about-modal-content-1"
                  aria-labelledby="pf-about-modal-title-0"
                  className=""
                >
                  <div
                    aria-describedby="pf-about-modal-content-1"
                    aria-labelledby="pf-about-modal-title-0"
                    aria-modal="true"
                    className="pf-c-about-modal-box"
                    role="dialog"
                  >
                    <AboutModalBoxBrand
                      alt="Patternfly Logo"
                      className=""
                      src="Logo_RH_RGB_Reverse.png"
                    >
                      <div
                        className="pf-c-about-modal-box__brand"
                      >
                        <img
                          alt="Patternfly Logo"
                          className="pf-c-about-modal-box__brand-image"
                          src="Logo_RH_RGB_Reverse.png"
                        />
                      </div>
                    </AboutModalBoxBrand>
                    <AboutModalBoxCloseButton
                      className=""
                      onClose={[Function]}
                    >
                      <div
                        className="pf-c-about-modal-box__close"
                      >
                        <Button
                          aria-label="Close Dialog"
                          className=""
                          component="button"
                          isActive={false}
                          isBlock={false}
                          isDisabled={false}
                          isFocus={false}
                          isHover={false}
                          onClick={[Function]}
                          type="button"
                          variant="plain"
                        >
                          <button
                            aria-disabled={null}
                            aria-label="Close Dialog"
                            className="pf-c-button pf-m-plain"
                            disabled={false}
                            onClick={[Function]}
                            tabIndex={null}
                            type="button"
                          >
                            <TimesIcon
                              color="currentColor"
                              size="sm"
                              title={null}
                            >
                              <svg
                                aria-hidden={true}
                                aria-labelledby={null}
                                fill="currentColor"
                                height="1em"
                                role="img"
                                style={
                                  Object {
                                    "verticalAlign": "-0.125em",
                                  }
                                }
                                viewBox="0 0 352 512"
                                width="1em"
                              >
                                <path
                                  d="M242.72 256l100.07-100.07c12.28-12.28 12.28-32.19 0-44.48l-22.24-22.24c-12.28-12.28-32.19-12.28-44.48 0L176 189.28 75.93 89.21c-12.28-12.28-32.19-12.28-44.48 0L9.21 111.45c-12.28 12.28-12.28 32.19 0 44.48L109.28 256 9.21 356.07c-12.28 12.28-12.28 32.19 0 44.48l22.24 22.24c12.28 12.28 32.2 12.28 44.48 0L176 322.72l100.07 100.07c12.28 12.28 32.2 12.28 44.48 0l22.24-22.24c12.28-12.28 12.28-32.19 0-44.48L242.72 256z"
                                  transform=""
                                />
                              </svg>
                            </TimesIcon>
                          </button>
                        </Button>
                      </div>
                    </AboutModalBoxCloseButton>
                    <AboutModalBoxHeader
                      className=""
                      id="pf-about-modal-title-0"
                      productName="Red Hat Solution Explorer"
                      trademark="Copyright (c) 2019 Red Hat, Inc."
                    >
                      <div
                        className="pf-c-about-modal-box__header"
                      >
                        <div
                          className="pf-c-about-modal-box__header-strapline"
                        >
                          <h2
                            className="pf-c-title"
                          >
                            Copyright (c) 2019 Red Hat, Inc.
                          </h2>
                        </div>
                        <Title
                          className=""
                          headingLevel="h1"
                          id="pf-about-modal-title-0"
                          size="4xl"
                        >
                          <h1
                            className="pf-c-title pf-m-4xl"
                            id="pf-about-modal-title-0"
                          >
                            Red Hat Solution Explorer
                          </h1>
                        </Title>
                      </div>
                    </AboutModalBoxHeader>
                    <AboutModalBoxContent
                      className=""
                      id="pf-about-modal-content-1"
                    >
                      <div
                        className="pf-c-about-modal-box__content"
                        id="pf-about-modal-content-1"
                      >
                        <TextContent
                          className=""
                        >
                          <div
                            className="pf-c-content"
                          >
                            <TextList
                              className=""
                              component="dl"
                            >
                              <dl
                                className=""
                                data-pf-content={true}
                              >
                                <TextListItem
                                  className=""
                                  component="dt"
                                >
                                  <dt
                                    className=""
                                    data-pf-content={true}
                                  >
                                    Webapp version
                                  </dt>
                                </TextListItem>
                                <TextListItem
                                  className=""
                                  component="dd"
                                >
                                  <dd
                                    className=""
                                    data-pf-content={true}
                                  >
                                    2.2.0
                                  </dd>
                                </TextListItem>
                                <TextListItem
                                  className=""
                                  component="dt"
                                >
                                  <dt
                                    className=""
                                    data-pf-content={true}
                                  >
                                    Server name
                                  </dt>
                                </TextListItem>
                                <TextListItem
                                  className=""
                                  component="dd"
                                >
                                  <dd
                                    className=""
                                    data-pf-content={true}
                                  >
                                    TBD
                                  </dd>
                                </TextListItem>
                                <TextListItem
                                  className=""
                                  component="dt"
                                >
                                  <dt
                                    className=""
                                    data-pf-content={true}
                                  >
                                    User Name
                                  </dt>
                                </TextListItem>
                                <TextListItem
                                  className=""
                                  component="dd"
                                >
                                  <dd
                                    className=""
                                    data-pf-content={true}
                                  />
                                </TextListItem>
                                <TextListItem
                                  className=""
                                  component="dt"
                                >
                                  <dt
                                    className=""
                                    data-pf-content={true}
                                  >
                                    User Role
                                  </dt>
                                </TextListItem>
                                <TextListItem
                                  className=""
                                  component="dd"
                                >
                                  <dd
                                    className=""
                                    data-pf-content={true}
                                  >
                                    TBD
                                  </dd>
                                </TextListItem>
                                <TextListItem
                                  className=""
                                  component="dt"
                                >
                                  <dt
                                    className=""
                                    data-pf-content={true}
                                  >
                                    Browser Version
                                  </dt>
                                </TextListItem>
                                <TextListItem
                                  className=""
                                  component="dd"
                                >
                                  <dd
                                    className=""
                                    data-pf-content={true}
                                  >
                                     
                                     
                                     
                                  </dd>
                                </TextListItem>
                                <TextListItem
                                  className=""
                                  component="dt"
                                >
                                  <dt
                                    className=""
                                    data-pf-content={true}
                                  >
                                    Browser OS
                                  </dt>
                                </TextListItem>
                                <TextListItem
                                  className=""
                                  component="dd"
                                >
                                  <dd
                                    className=""
                                    data-pf-content={true}
                                  >
                                     
                                  </dd>
                                </TextListItem>
                              </dl>
                            </TextList>
                          </div>
                        </TextContent>
                      </div>
                    </AboutModalBoxContent>
                    <AboutModalBoxHero
                      alt=""
                      className=""
                      src=""
                    >
                      <div
                        className="pf-c-about-modal-box__hero"
                      >
                        <img
                          alt=""
                          className="pf-c-about-modal-box__hero-image"
                          src=""
                        />
                      </div>
                    </AboutModalBoxHero>
                  </div>
                </AboutModalBox>
              </div>
            </Bullseye>
          </div>
        </Backdrop>
      </ModalContent>
    </Portal>
  </AboutModal>
</AboutModal>
`;
