// Jest Snapshot v1, https://goo.gl/fbAQLP

exports[`AboutModal Component should render a non-connected component: hidden modal 1`] = `
<AboutModal
  closeAboutModal={null}
  isOpen={false}
  show={false}
  userReducers={
    Object {
      "session": Object {
        "username": "test",
      },
    }
  }
>
  <AboutModal
    brandImageAlt="Red Hat logo"
    brandImageSrc="Logo_RH_RGB_Reverse.png"
    className=""
    heroImageAlt="Red Hat Solutions Explorer background image"
    heroImageSrc="pfbg_992.jpg"
    isOpen={false}
    logoImageAlt="Red Hat Solutions Explorer logo"
    logoImageSrc="logo-alt.svg"
    onClose={null}
    productName="Red Hat Solution Explorer"
    trademark="Copyright (c) 2019 Red Hat, Inc."
  >
    <Portal
      containerInfo={<div />}
    >
      <ModalContent
        ariaDescribedById="pf-about-modal-content-1"
        ariaLabelledbyId="pf-about-modal-title-0"
        brandImageAlt="Red Hat logo"
        brandImageSrc="Logo_RH_RGB_Reverse.png"
        className=""
        heroImageAlt="Red Hat Solutions Explorer background image"
        heroImageSrc="pfbg_992.jpg"
        isOpen={false}
        logoImageAlt="Red Hat Solutions Explorer logo"
        logoImageSrc="logo-alt.svg"
        onClose={null}
        productName="Red Hat Solution Explorer"
        trademark="Copyright (c) 2019 Red Hat, Inc."
      />
    </Portal>
  </AboutModal>
</AboutModal>
`;

exports[`AboutModal Component should render a non-connected component: show modal 1`] = `
<AboutModal
  closeAboutModal={null}
  isOpen={false}
  show={false}
  userReducers={
    Object {
      "session": Object {
        "username": "test",
      },
    }
  }
>
  <AboutModal
    brandImageAlt="Red Hat logo"
    brandImageSrc="Logo_RH_RGB_Reverse.png"
    className=""
    heroImageAlt="Red Hat Solutions Explorer background image"
    heroImageSrc="pfbg_992.jpg"
    isOpen={false}
    logoImageAlt="Red Hat Solutions Explorer logo"
    logoImageSrc="logo-alt.svg"
    onClose={null}
    productName="Red Hat Solution Explorer"
    trademark="Copyright (c) 2019 Red Hat, Inc."
  >
    <Portal
      containerInfo={<div />}
    >
      <ModalContent
        ariaDescribedById="pf-about-modal-content-1"
        ariaLabelledbyId="pf-about-modal-title-0"
        brandImageAlt="Red Hat logo"
        brandImageSrc="Logo_RH_RGB_Reverse.png"
        className=""
        heroImageAlt="Red Hat Solutions Explorer background image"
        heroImageSrc="pfbg_992.jpg"
        isOpen={false}
        logoImageAlt="Red Hat Solutions Explorer logo"
        logoImageSrc="logo-alt.svg"
        onClose={null}
        productName="Red Hat Solution Explorer"
        trademark="Copyright (c) 2019 Red Hat, Inc."
      />
    </Portal>
  </AboutModal>
</AboutModal>
`;
